src/departments/reality/economy/EmergencyKillSwitch.ts(120,70): error TS1002: Unterminated string literal.
src/departments/reality/economy/EmergencyKillSwitch.ts(121,7): error TS1005: ',' expected.
src/departments/reality/economy/EmergencyKillSwitch.ts(122,68): error TS1002: Unterminated string literal.
src/departments/reality/economy/EmergencyKillSwitch.ts(123,7): error TS1005: ',' expected.
src/departments/reality/gateway/AutonomousSalesForce.ts(721,170): error TS1002: Unterminated string literal.
src/departments/reality/gateway/AutonomousSalesForce.ts(724,5): error TS1005: '}' expected.
src/departments/reality/gateway/AutonomousSalesForce.ts(726,168): error TS1002: Unterminated string literal.
src/departments/reality/gateway/AutonomousSalesForce.ts(728,7): error TS1005: '}' expected.
src/departments/reality/gateway/AutonomousSalesForce.ts(728,16): error TS1110: Type expected.
src/departments/reality/gateway/AutonomousSalesForce.ts(729,2): error TS1005: ';' expected.
src/departments/reality/gateway/AutonomousSalesForce.ts(731,1): error TS1109: Expression expected.
src/departments/reality/gateway/AutonomousSalesForce.ts(731,7): error TS1005: ';' expected.
src/departments/reality/gateway/AutonomousSalesForce.ts(731,20): error TS1109: Expression expected.
src/departments/reality/gateway/AutonomousSalesForce.ts(732,2): error TS1005: ';' expected.
src/departments/reality/gateway/AutonomousSalesForce.ts(734,1): error TS1109: Expression expected.
src/departments/reality/gateway/AutonomousSalesForce.ts(734,8): error TS1005: ';' expected.
src/departments/reality/gateway/AutonomousSalesForce.ts(734,11): error TS1434: Unexpected keyword or identifier.
src/departments/reality/gateway/AutonomousSalesForce.ts(734,15): error TS1434: Unexpected keyword or identifier.
src/departments/reality/gateway/AutonomousSalesForce.ts(734,25): error TS1109: Expression expected.
src/departments/reality/gateway/AutonomousSalesForce.ts(735,2): error TS1005: ';' expected.
src/departments/reality/gateway/AutonomousSalesForce.ts(737,1): error TS1434: Unexpected keyword or identifier.
src/departments/reality/gateway/AutonomousSalesForce.ts(737,100): error TS1002: Unterminated string literal.
src/departments/reality/gateway/AutonomousSalesForce.ts(739,13): error TS1005: ';' expected.
src/departments/reality/gateway/AutonomousSalesForce.ts(739,20): error TS1109: Expression expected.
src/departments/reality/gateway/AutonomousSalesForce.ts(739,26): error TS1005: ';' expected.
src/departments/reality/gateway/AutonomousSalesForce.ts(739,29): error TS1434: Unexpected keyword or identifier.
src/departments/reality/gateway/AutonomousSalesForce.ts(739,78): error TS1005: ';' expected.
src/departments/reality/gateway/AutonomousSalesForce.ts(739,91): error TS1005: '(' expected.
src/departments/reality/gateway/AutonomousSalesForce.ts(739,92): error TS1005: ')' expected.
src/departments/reality/gateway/AutonomousSalesForce.ts(739,105): error TS1109: Expression expected.
src/departments/reality/gateway/AutonomousSalesForce.ts(741,1): error TS1434: Unexpected keyword or identifier.
src/departments/reality/gateway/AutonomousSalesForce.ts(741,7): error TS1434: Unexpected keyword or identifier.
src/departments/reality/gateway/AutonomousSalesForce.ts(741,11): error TS1434: Unexpected keyword or identifier.
src/departments/reality/gateway/AutonomousSalesForce.ts(741,14): error TS1434: Unexpected keyword or identifier.
src/departments/reality/gateway/AutonomousSalesForce.ts(741,19): error TS1434: Unexpected keyword or identifier.
src/departments/reality/gateway/AutonomousSalesForce.ts(741,22): error TS1434: Unexpected keyword or identifier.
src/departments/reality/gateway/AutonomousSalesForce.ts(741,34): error TS1005: ';' expected.
src/departments/reality/gateway/AutonomousSalesForce.ts(741,39): error TS1434: Unexpected keyword or identifier.
src/departments/reality/gateway/AutonomousSalesForce.ts(741,42): error TS1434: Unexpected keyword or identifier.
src/departments/reality/gateway/AutonomousSalesForce.ts(741,50): error TS1434: Unexpected keyword or identifier.
src/departments/reality/gateway/AutonomousSalesForce.ts(741,54): error TS1434: Unexpected keyword or identifier.
src/departments/reality/gateway/AutonomousSalesForce.ts(741,128): error TS1002: Unterminated string literal.
src/departments/reality/gateway/AutonomousSalesForce.ts(743,1): error TS1434: Unexpected keyword or identifier.
src/departments/reality/gateway/AutonomousSalesForce.ts(744,8): error TS1005: ';' expected.
src/departments/reality/gateway/AutonomousSalesForce.ts(744,27): error TS1005: ';' expected.
src/departments/reality/gateway/AutonomousSalesForce.ts(746,10): error TS1005: ';' expected.
src/departments/reality/gateway/AutonomousSalesForce.ts(746,13): error TS1434: Unexpected keyword or identifier.
src/departments/reality/gateway/AutonomousSalesForce.ts(746,19): error TS1434: Unexpected keyword or identifier.
src/departments/reality/gateway/AutonomousSalesForce.ts(746,41): error TS1005: ';' expected.
src/departments/reality/gateway/AutonomousSalesForce.ts(746,43): error TS1005: ';' expected.
src/departments/reality/gateway/AutonomousSalesForce.ts(746,60): error TS1005: ';' expected.
src/departments/reality/gateway/AutonomousSalesForce.ts(746,65): error TS1434: Unexpected keyword or identifier.
src/departments/reality/gateway/AutonomousSalesForce.ts(746,68): error TS1434: Unexpected keyword or identifier.
src/departments/reality/gateway/AutonomousSalesForce.ts(746,81): error TS1005: '(' expected.
src/departments/reality/gateway/AutonomousSalesForce.ts(746,86): error TS1005: ';' expected.
src/departments/reality/gateway/AutonomousSalesForce.ts(746,93): error TS1005: ';' expected.
src/departments/reality/gateway/AutonomousSalesForce.ts(746,102): error TS1003: Identifier expected.
src/departments/reality/gateway/AutonomousSalesForce.ts(930,15): error TS1005: ')' expected.
src/departments/reality/gateway/AutonomousSalesForce.ts(930,18): error TS1005: 'while' expected.
src/departments/reality/gateway/AutonomousSalesForce.ts(930,28): error TS1005: ')' expected.
src/departments/reality/gateway/AutonomousSalesForce.ts(930,30): error TS1434: Unexpected keyword or identifier.
src/departments/reality/gateway/AutonomousSalesForce.ts(931,21): error TS1005: ';' expected.
src/departments/reality/gateway/AutonomousSalesForce.ts(931,31): error TS1434: Unexpected keyword or identifier.
src/departments/reality/gateway/AutonomousSalesForce.ts(931,39): error TS1434: Unexpected keyword or identifier.
src/departments/reality/gateway/AutonomousSalesForce.ts(931,50): error TS1434: Unexpected keyword or identifier.
src/departments/reality/gateway/AutonomousSalesForce.ts(931,60): error TS1434: Unexpected keyword or identifier.
src/departments/reality/gateway/AutonomousSalesForce.ts(931,75): error TS1434: Unexpected keyword or identifier.
src/departments/reality/gateway/AutonomousSalesForce.ts(931,82): error TS1434: Unexpected keyword or identifier.
src/departments/reality/gateway/AutonomousSalesForce.ts(931,88): error TS1434: Unexpected keyword or identifier.
src/departments/reality/gateway/AutonomousSalesForce.ts(931,91): error TS1434: Unexpected keyword or identifier.
src/departments/reality/gateway/AutonomousSalesForce.ts(934,20): error TS1003: Identifier expected.
src/departments/reality/gateway/AutonomousSalesForce.ts(934,29): error TS1005: ';' expected.
src/departments/reality/gateway/AutonomousSalesForce.ts(935,24): error TS1003: Identifier expected.
src/departments/reality/gateway/AutonomousSalesForce.ts(935,33): error TS1005: ';' expected.
src/departments/reality/gateway/AutonomousSalesForce.ts(936,19): error TS1005: ';' expected.
src/departments/reality/gateway/AutonomousSalesForce.ts(940,19): error TS1005: ';' expected.
src/departments/reality/gateway/AutonomousSalesForce.ts(941,22): error TS1005: ';' expected.
src/departments/reality/gateway/AutonomousSalesForce.ts(943,19): error TS1005: ';' expected.
src/departments/reality/gateway/AutonomousSalesForce.ts(944,15): error TS1005: ';' expected.
src/departments/reality/gateway/AutonomousSalesForce.ts(945,15): error TS1005: ';' expected.
src/departments/reality/gateway/AutonomousSalesForce.ts(948,5): error TS1068: Unexpected token. A constructor, method, accessor, or property was expected.
src/departments/reality/gateway/AutonomousSalesForce.ts(960,3): error TS1128: Declaration or statement expected.
src/departments/reality/gateway/AutonomousSalesForce.ts(965,3): error TS1128: Declaration or statement expected.
src/departments/reality/gateway/AutonomousSalesForce.ts(965,39): error TS1005: ',' expected.
src/departments/reality/gateway/AutonomousSalesForce.ts(965,55): error TS1011: An element access expression should take an argument.
src/departments/reality/gateway/AutonomousSalesForce.ts(965,65): error TS1005: ',' expected.
src/departments/reality/gateway/AutonomousSalesForce.ts(965,82): error TS1005: ';' expected.
src/departments/reality/gateway/AutonomousSalesForce.ts(965,84): error TS1434: Unexpected keyword or identifier.
src/departments/reality/gateway/AutonomousSalesForce.ts(973,146): error TS1002: Unterminated string literal.
src/departments/reality/gateway/AutonomousSalesForce.ts(976,16): error TS1005: ';' expected.
src/departments/reality/gateway/AutonomousSalesForce.ts(976,20): error TS1434: Unexpected keyword or identifier.
src/departments/reality/gateway/AutonomousSalesForce.ts(976,23): error TS1434: Unexpected keyword or identifier.
src/departments/reality/gateway/AutonomousSalesForce.ts(976,28): error TS1434: Unexpected keyword or identifier.
src/departments/reality/gateway/AutonomousSalesForce.ts(976,32): error TS1434: Unexpected keyword or identifier.
src/departments/reality/gateway/AutonomousSalesForce.ts(976,40): error TS1434: Unexpected keyword or identifier.
src/departments/reality/gateway/AutonomousSalesForce.ts(976,53): error TS1127: Invalid character.
src/departments/reality/gateway/AutonomousSalesForce.ts(976,55): error TS1127: Invalid character.
src/departments/reality/gateway/AutonomousSalesForce.ts(976,57): error TS1443: Module declaration names may only use ' or " quoted strings.
src/departments/reality/gateway/AutonomousSalesForce.ts(980,18): error TS1434: Unexpected keyword or identifier.
src/departments/reality/gateway/AutonomousSalesForce.ts(980,24): error TS1434: Unexpected keyword or identifier.
src/departments/reality/gateway/AutonomousSalesForce.ts(980,32): error TS1128: Declaration or statement expected.
src/departments/reality/gateway/AutonomousSalesForce.ts(980,34): error TS1434: Unexpected keyword or identifier.
src/departments/reality/gateway/AutonomousSalesForce.ts(980,46): error TS1127: Invalid character.
src/departments/reality/gateway/AutonomousSalesForce.ts(980,48): error TS1443: Module declaration names may only use ' or " quoted strings.
src/departments/reality/gateway/AutonomousSalesForce.ts(981,28): error TS1434: Unexpected keyword or identifier.
src/departments/reality/gateway/AutonomousSalesForce.ts(981,43): error TS1127: Invalid character.
src/departments/reality/gateway/AutonomousSalesForce.ts(981,45): error TS1443: Module declaration names may only use ' or " quoted strings.
src/departments/reality/gateway/AutonomousSalesForce.ts(982,28): error TS1434: Unexpected keyword or identifier.
src/departments/reality/gateway/AutonomousSalesForce.ts(982,38): error TS1127: Invalid character.
src/departments/reality/gateway/AutonomousSalesForce.ts(982,40): error TS1443: Module declaration names may only use ' or " quoted strings.
src/departments/reality/gateway/AutonomousSalesForce.ts(983,18): error TS1434: Unexpected keyword or identifier.
src/departments/reality/gateway/AutonomousSalesForce.ts(983,36): error TS1127: Invalid character.
src/departments/reality/gateway/AutonomousSalesForce.ts(983,38): error TS1127: Invalid character.
src/departments/reality/gateway/AutonomousSalesForce.ts(983,40): error TS1443: Module declaration names may only use ' or " quoted strings.
src/departments/reality/gateway/AutonomousSalesForce.ts(986,16): error TS1434: Unexpected keyword or identifier.
src/departments/reality/gateway/AutonomousSalesForce.ts(986,22): error TS1434: Unexpected keyword or identifier.
src/departments/reality/gateway/AutonomousSalesForce.ts(986,29): error TS1434: Unexpected keyword or identifier.
src/departments/reality/gateway/AutonomousSalesForce.ts(986,35): error TS1434: Unexpected keyword or identifier.
src/departments/reality/gateway/AutonomousSalesForce.ts(986,38): error TS1434: Unexpected keyword or identifier.
src/departments/reality/gateway/AutonomousSalesForce.ts(986,46): error TS1434: Unexpected keyword or identifier.
src/departments/reality/gateway/AutonomousSalesForce.ts(986,62): error TS1434: Unexpected keyword or identifier.
src/departments/reality/gateway/AutonomousSalesForce.ts(986,74): error TS1434: Unexpected keyword or identifier.
src/departments/reality/gateway/AutonomousSalesForce.ts(986,82): error TS1434: Unexpected keyword or identifier.
src/departments/reality/gateway/AutonomousSalesForce.ts(986,86): error TS1434: Unexpected keyword or identifier.
src/departments/reality/gateway/AutonomousSalesForce.ts(986,97): error TS1127: Invalid character.
src/departments/reality/gateway/AutonomousSalesForce.ts(986,99): error TS1443: Module declaration names may only use ' or " quoted strings.
src/departments/reality/gateway/AutonomousSalesForce.ts(987,16): error TS1434: Unexpected keyword or identifier.
src/departments/reality/gateway/AutonomousSalesForce.ts(987,23): error TS1434: Unexpected keyword or identifier.
src/departments/reality/gateway/AutonomousSalesForce.ts(987,29): error TS1434: Unexpected keyword or identifier.
src/departments/reality/gateway/AutonomousSalesForce.ts(987,33): error TS1434: Unexpected keyword or identifier.
src/departments/reality/gateway/AutonomousSalesForce.ts(987,38): error TS1434: Unexpected keyword or identifier.
src/departments/reality/gateway/AutonomousSalesForce.ts(987,48): error TS1434: Unexpected keyword or identifier.
src/departments/reality/gateway/AutonomousSalesForce.ts(987,54): error TS1434: Unexpected keyword or identifier.
src/departments/reality/gateway/AutonomousSalesForce.ts(987,68): error TS1005: '(' expected.
src/departments/reality/gateway/AutonomousSalesForce.ts(987,79): error TS1005: ')' expected.
src/departments/reality/gateway/AutonomousSalesForce.ts(987,98): error TS1127: Invalid character.
src/departments/reality/gateway/AutonomousSalesForce.ts(987,100): error TS1443: Module declaration names may only use ' or " quoted strings.
src/departments/reality/gateway/AutonomousSalesForce.ts(988,16): error TS1434: Unexpected keyword or identifier.
src/departments/reality/gateway/AutonomousSalesForce.ts(988,25): error TS1434: Unexpected keyword or identifier.
src/departments/reality/gateway/AutonomousSalesForce.ts(988,27): error TS1434: Unexpected keyword or identifier.
src/departments/reality/gateway/AutonomousSalesForce.ts(988,32): error TS1434: Unexpected keyword or identifier.
src/departments/reality/gateway/AutonomousSalesForce.ts(988,35): error TS1434: Unexpected keyword or identifier.
src/departments/reality/gateway/AutonomousSalesForce.ts(988,39): error TS1434: Unexpected keyword or identifier.
src/departments/reality/gateway/AutonomousSalesForce.ts(988,43): error TS1434: Unexpected keyword or identifier.
src/departments/reality/gateway/AutonomousSalesForce.ts(988,46): error TS1434: Unexpected keyword or identifier.
src/departments/reality/gateway/AutonomousSalesForce.ts(988,55): error TS1127: Invalid character.
src/departments/reality/gateway/AutonomousSalesForce.ts(1019,37): error TS1005: ';' expected.
src/departments/reality/gateway/AutonomousSalesForce.ts(1019,43): error TS1435: Unknown keyword or identifier. Did you mean 'set'?
src/departments/reality/gateway/AutonomousSalesForce.ts(1019,48): error TS1434: Unexpected keyword or identifier.
src/departments/reality/gateway/AutonomousSalesForce.ts(1019,51): error TS1434: Unexpected keyword or identifier.
src/departments/reality/gateway/AutonomousSalesForce.ts(1042,41): error TS1127: Invalid character.
src/departments/reality/gateway/AutonomousSalesForce.ts(1042,44): error TS1434: Unexpected keyword or identifier.
src/departments/reality/gateway/AutonomousSalesForce.ts(1042,50): error TS1434: Unexpected keyword or identifier.
src/departments/reality/gateway/AutonomousSalesForce.ts(1042,57): error TS1434: Unexpected keyword or identifier.
src/departments/reality/gateway/AutonomousSalesForce.ts(1042,60): error TS1434: Unexpected keyword or identifier.
src/departments/reality/gateway/AutonomousSalesForce.ts(1058,49): error TS1127: Invalid character.
src/departments/reality/gateway/AutonomousSalesForce.ts(1058,52): error TS1434: Unexpected keyword or identifier.
src/departments/reality/gateway/AutonomousSalesForce.ts(1058,58): error TS1434: Unexpected keyword or identifier.
src/departments/reality/gateway/AutonomousSalesForce.ts(1058,67): error TS1434: Unexpected keyword or identifier.
src/departments/reality/gateway/AutonomousSalesForce.ts(1058,72): error TS1434: Unexpected keyword or identifier.
src/departments/reality/gateway/AutonomousSalesForce.ts(1117,37): error TS1005: ';' expected.
src/departments/reality/gateway/AutonomousSalesForce.ts(1117,65): error TS1005: ';' expected.
src/departments/reality/gateway/AutonomousSalesForce.ts(1117,72): error TS1443: Module declaration names may only use ' or " quoted strings.
src/departments/reality/gateway/AutonomousSalesForce.ts(1160,13): error TS1434: Unexpected keyword or identifier.
src/departments/reality/gateway/AutonomousSalesForce.ts(1160,22): error TS1434: Unexpected keyword or identifier.
src/departments/reality/gateway/AutonomousSalesForce.ts(1209,20): error TS1005: ']' expected.
src/departments/reality/gateway/AutonomousSalesForce.ts(1209,31): error TS1128: Declaration or statement expected.
src/departments/reality/gateway/AutonomousSalesForce.ts(1209,35): error TS1005: ',' expected.
src/departments/reality/gateway/AutonomousSalesForce.ts(1209,41): error TS1005: ',' expected.
src/departments/reality/gateway/AutonomousSalesForce.ts(1209,58): error TS1005: ';' expected.
src/departments/reality/gateway/AutonomousSalesForce.ts(1228,1): error TS1160: Unterminated template literal.
