
╔══════════════════════════════════════════════════════════════════════════════╗
║  🧠 QANTUM v1.0.0 "INDESTRUCTIBLE" - SWARM EXTREME STRESS TEST         ║
║                                                                              ║
║  CPU: AMD Ryzen 7 7435HS                             
║  Cores: 16 | RAM: 23.7 GB
║  Platform: win32 x64
╚══════════════════════════════════════════════════════════════════════════════╝

[SharedMemory] v1.0.0 Allocated 0.12 MB for 1000 workers
[SharedMemory] Stale Lock Watchdog: 200ms timeout
[HotStandby] Pre-warmed 50 standby workers

╔══════════════════════════════════════════════════════════════════════════════╗
║  🔥 SWARM EXTREME STRESS TEST - "THE HAMMER" PROTOCOL v1.0.0                ║
╠══════════════════════════════════════════════════════════════════════════════╣
║  Workers: 1000       | Threads: 32         | Duration: 30s      ║
║  Hammer Interval: 1ms   | Chaos Start: 5s                              ║
╠══════════════════════════════════════════════════════════════════════════════╣
║  🛡️  v1.0.0 "INDESTRUCTIBLE" FEATURES:                                      ║
║  ├─ Adaptive Batching:    ✅ ENABLED (threshold: 50000  msg/sec)        ║
║  ├─ Stale Lock Watchdog:  ✅ ENABLED (timeout: 200ms)                  ║
║  └─ Hot-Standby Pool:     ✅ ENABLED (50 pre-warmed workers)            ║
╚══════════════════════════════════════════════════════════════════════════════╝


🐝 Spawning 32 worker threads...
✅ All 32 threads spawned with 1000 virtual workers
[Thread 3] Starting hammer with 32 workers
[Thread 2] Starting hammer with 32 workers
[Thread 1] Starting hammer with 32 workers
[Thread 10] Starting hammer with 32 workers
[Thread 6] Starting hammer with 32 workers
[Thread 7] Starting hammer with 32 workers
[Thread 9] Starting hammer with 32 workers
[Thread 8] Starting hammer with 32 workers
[Thread 16] Starting hammer with 32 workers
[Thread 13] Starting hammer with 32 workers
[Thread 11] Starting hammer with 32 workers
[Thread 18] Starting hammer with 32 workers
[Thread 4] Starting hammer with 32 workers
[Thread 14] Starting hammer with 32 workers
[Thread 19] Starting hammer with 32 workers
[Thread 15] Starting hammer with 32 workers
[Thread 23] Starting hammer with 32 workers
[Thread 22] Starting hammer with 32 workers
[Thread 17] Starting hammer with 32 workers
[Thread 21] Starting hammer with 32 workers
[Thread 5] Starting hammer with 32 workers
[Thread 30] Starting hammer with 32 workers
[Thread 32] Starting hammer with 8 workers
[Thread 24] Starting hammer with 32 workers
[Thread 25] Starting hammer with 32 workers
[Thread 26] Starting hammer with 32 workers
[Thread 27] Starting hammer with 32 workers
[Thread 12] Starting hammer with 32 workers
[Thread 28] Starting hammer with 32 workers
[Thread 20] Starting hammer with 32 workers
[Thread 29] Starting hammer with 32 workers
[Thread 31] Starting hammer with 32 workers

💀 CHAOS INJECTION STARTING...
💀 [CHAOS] Worker 450 ASSASSINATED!
🔄 [CHAOS] Worker 450 RESPAWNED!
⚡ [HotStandby] Instant failover for worker 450 in 0ms
💀 [CHAOS] Worker 445 ASSASSINATED!
🔄 [CHAOS] Worker 445 RESPAWNED!
⚡ [HotStandby] Instant failover for worker 445 in 0ms
💀 [CHAOS] Worker 98 ASSASSINATED!
🔄 [CHAOS] Worker 98 RESPAWNED!
⚡ [HotStandby] Instant failover for worker 98 in 0ms
💀 [CHAOS] Worker 34 ASSASSINATED!
🔄 [CHAOS] Worker 34 RESPAWNED!
⚡ [HotStandby] Instant failover for worker 34 in 0ms
💀 [CHAOS] Worker 673 ASSASSINATED!
🔄 [CHAOS] Worker 673 RESPAWNED!
⚡ [HotStandby] Instant failover for worker 673 in 0ms
💀 [CHAOS] Worker 488 ASSASSINATED!
🔄 [CHAOS] Worker 488 RESPAWNED!
⚡ [HotStandby] Instant failover for worker 488 in 0ms
💀 [CHAOS] Worker 148 ASSASSINATED!
🔄 [CHAOS] Worker 148 RESPAWNED!
⚡ [HotStandby] Instant failover for worker 148 in 0ms
💀 [CHAOS] Worker 791 ASSASSINATED!
🔄 [CHAOS] Worker 791 RESPAWNED!
⚡ [HotStandby] Instant failover for worker 791 in 0ms
💀 [CHAOS] Worker 437 ASSASSINATED!
🔄 [CHAOS] Worker 437 RESPAWNED!
⚡ [HotStandby] Instant failover for worker 437 in 0ms
💀 [CHAOS] Worker 951 ASSASSINATED!
🔄 [CHAOS] Worker 951 RESPAWNED!
⚡ [HotStandby] Instant failover for worker 951 in 0ms
💀 [CHAOS] Worker 47 ASSASSINATED!
🔄 [CHAOS] Worker 47 RESPAWNED!
⚡ [HotStandby] Instant failover for worker 47 in 0ms
💀 [CHAOS] Worker 382 ASSASSINATED!
🔄 [CHAOS] Worker 382 RESPAWNED!
⚡ [HotStandby] Instant failover for worker 382 in 0ms
💀 [CHAOS] Worker 233 ASSASSINATED!
🔄 [CHAOS] Worker 233 RESPAWNED!
⚡ [HotStandby] Instant failover for worker 233 in 0ms
💀 [CHAOS] Worker 605 ASSASSINATED!
🔄 [CHAOS] Worker 605 RESPAWNED!
⚡ [HotStandby] Instant failover for worker 605 in 0ms
💀 [CHAOS] Worker 50 ASSASSINATED!
🔄 [CHAOS] Worker 50 RESPAWNED!
⚡ [HotStandby] Instant failover for worker 50 in 0ms
💀 [CHAOS] Worker 532 ASSASSINATED!
🔄 [CHAOS] Worker 532 RESPAWNED!
⚡ [HotStandby] Instant failover for worker 532 in 0ms
💀 [CHAOS] Worker 956 ASSASSINATED!
🔄 [CHAOS] Worker 956 RESPAWNED!
⚡ [HotStandby] Instant failover for worker 956 in 0ms
💀 [CHAOS] Worker 697 ASSASSINATED!
🔄 [CHAOS] Worker 697 RESPAWNED!
⚡ [HotStandby] Instant failover for worker 697 in 0ms
🧠 [CHAOS] Applying 512MB memory pressure...
💀 [CHAOS] Worker 74 ASSASSINATED!
🔄 [CHAOS] Worker 74 RESPAWNED!
⚡ [HotStandby] Instant failover for worker 74 in 0ms
💀 [CHAOS] Worker 983 ASSASSINATED!
🔄 [CHAOS] Worker 983 RESPAWNED!
⚡ [HotStandby] Instant failover for worker 983 in 0ms
💀 [CHAOS] Worker 137 ASSASSINATED!
🔄 [CHAOS] Worker 137 RESPAWNED!
⚡ [HotStandby] Instant failover for worker 137 in 0ms
💀 [CHAOS] Worker 281 ASSASSINATED!
🔄 [CHAOS] Worker 281 RESPAWNED!
⚡ [HotStandby] Instant failover for worker 281 in 0ms
🧠 [CHAOS] Memory pressure released
💀 [CHAOS] Worker 217 ASSASSINATED!
🔄 [CHAOS] Worker 217 RESPAWNED!
⚡ [HotStandby] Instant failover for worker 217 in 0ms

⏱️  Test duration complete. Shutting down workers...
[Thread 1] Total messages: 113248
[Thread 21] Total messages: 112864
[Thread 28] Total messages: 112608
[Thread 7] Total messages: 113152
[Thread 14] Total messages: 113120
[Thread 8] Total messages: 113344
[Thread 3] Total messages: 112544
[Thread 19] Total messages: 113152
[Thread 30] Total messages: 112704
[Thread 29] Total messages: 112704
[Thread 10] Total messages: 113792
[Thread 32] Total messages: 28584
[Thread 20] Total messages: 112288
[Thread 24] Total messages: 113312
[Thread 2] Total messages: 112576
[Thread 18] Total messages: 113344
[Thread 15] Total messages: 112224
[Thread 23] Total messages: 112864
[Thread 17] Total messages: 113664
[Thread 9] Total messages: 113056
[Thread 27] Total messages: 112704
[Thread 11] Total messages: 112896
[Thread 26] Total messages: 113664
[Thread 13] Total messages: 112480
[Thread 16] Total messages: 113504
[Thread 6] Total messages: 112608
[Thread 4] Total messages: 112320
[Thread 25] Total messages: 113184
[Thread 12] Total messages: 112928
[Thread 5] Total messages: 112800
[Thread 22] Total messages: 113248
[Thread 31] Total messages: 112416

╔══════════════════════════════════════════════════════════════════════════════╗
║  📊 STRESS TEST RESULTS - "THE HAMMER" PROTOCOL v1.0.0                      ║
╠══════════════════════════════════════════════════════════════════════════════╣
║                                                                              ║
║  📈 MESSAGE METRICS                                                          ║
║  ├─ Generated:     3,529,896       messages                        ║
║  ├─ Received:      3,522,056       messages                        ║
║  ├─ Lost:          0               messages                        ║
║  ├─ Loss Rate:     0.0000         %                               ║
║  └─ Throughput:    36882           msg/sec                          ║
║                                                                              ║
║  ⏱️  LATENCY METRICS                                                         ║
║  ├─ Average:       9100.03         ms                               ║
║  ├─ P99:           52924.00        ms                               ║
║  └─ Maximum:       53486.00        ms                               ║
║                                                                              ║
║  💀 CHAOS METRICS                                                            ║
║  ├─ Assassinated:  23              workers                           ║
║  ├─ Respawned:     23              workers                           ║
║  └─ Race Conds:    0               detected                          ║
║                                                                              ║
║  🛡️  v1.0.0 INDESTRUCTIBLE METRICS                                          ║
║  ├─ Stale Locks:   0               released                          ║
║  ├─ Hot Failovers: 0               instant                           ║
║  └─ Avg Failover:  0.00            ms                               ║
║                                                                              ║
║  🧠 MEMORY METRICS                                                           ║
║  └─ Peak Usage:    1096.28         MB                              ║
║                                                                              ║
║  ⚡ LOAD BALANCING                                                           ║
║  ├─ Avg Time:      0.00            ms                               ║
║  └─ Max Time:      0.00            ms                               ║
║                                                                              ║
╠══════════════════════════════════════════════════════════════════════════════╣
║  🎯 BREAKING POINT ANALYSIS                                                  ║
║  ├─ Reached:       ❌ NO                                            ║
║                                                                              ║
║                                                                              ║
╠══════════════════════════════════════════════════════════════════════════════╣
║  📋 TEST VERDICT                                                             ║
║                                                                              ║
║  ✅ Race Conditions 0          PASS                        ║
║  ✅ Message Loss    0.00%      PASS                        ║
║  ❌ Avg Latency     9100.03ms  FAIL                        ║
║  ❌ P99 Latency     52924.00ms FAIL                        ║
║  ✅ Load Balance    0ms        PASS                        ║
║                                                                              ║
║  ⚠️  OVERALL: OPTIMIZATION NEEDED                                             ║
║                                                                              ║
╚══════════════════════════════════════════════════════════════════════════════╝

